// Jest Snapshot v1, https://goo.gl/fbAQLP

exports[`matches the stored snapshot 1`] = `
<div
  id="appContainer"
/>
`;
